
  Running initial test suite ...

  ....

  Tests:    4 passed (4 assertions)
  Duration: xxx


  Running mutation tests:


  [90mMutations:[39m    [32;1m0 caught[39;22m

