

  Mutations: 0 caught
  Score:     0.00%
  Duration:  0.00s

   INFO  No mutations created.

